// Jest Snapshot v1, https://goo.gl/fbAQLP

exports[`<Article /> it renders correctly 1`] = `
ShallowWrapper {
  Symbol(enzyme.__root__): [Circular],
  Symbol(enzyme.__unrendered__): <Article />,
  Symbol(enzyme.__renderer__): Object {
    "batchedUpdates": [Function],
    "getNode": [Function],
    "render": [Function],
    "simulateError": [Function],
    "simulateEvent": [Function],
    "unmount": [Function],
  },
  Symbol(enzyme.__node__): Object {
    "instance": null,
    "key": undefined,
    "nodeType": "class",
    "props": Object {
      "children": <article
        className="o-main-container"
      >
        <div
          className="c-article"
        >
          <h2
            className="c-article__header"
          >
            Article Title
          </h2>
          <div
            className="c-header-divider"
          />
          <h3
            className="c-article__author"
          >
            Article by Author Name
          </h3>
          <time
            className="c-article__published"
          >
            Published: Published at Date
          </time>
          <figure>
            <img
              alt="An animated rock"
              className="c-article__image"
              src="../static/images/rock.png"
            />
          </figure>
          <div
            className="c-article__text"
          >
            <p>
              Body Text
            </p>
          </div>
        </div>
        <UserComments />
        <a
          className="c-user-comments__back-btn"
        >
          Back to Article List
        </a>
      </article>,
    },
    "ref": null,
    "rendered": Object {
      "instance": null,
      "key": undefined,
      "nodeType": "host",
      "props": Object {
        "children": Array [
          <div
            className="c-article"
          >
            <h2
              className="c-article__header"
            >
              Article Title
            </h2>
            <div
              className="c-header-divider"
            />
            <h3
              className="c-article__author"
            >
              Article by Author Name
            </h3>
            <time
              className="c-article__published"
            >
              Published: Published at Date
            </time>
            <figure>
              <img
                alt="An animated rock"
                className="c-article__image"
                src="../static/images/rock.png"
              />
            </figure>
            <div
              className="c-article__text"
            >
              <p>
                Body Text
              </p>
            </div>
          </div>,
          <UserComments />,
          <a
            className="c-user-comments__back-btn"
          >
            Back to Article List
          </a>,
        ],
        "className": "o-main-container",
      },
      "ref": null,
      "rendered": Array [
        Object {
          "instance": null,
          "key": undefined,
          "nodeType": "host",
          "props": Object {
            "children": Array [
              <h2
                className="c-article__header"
              >
                Article Title
              </h2>,
              <div
                className="c-header-divider"
              />,
              <h3
                className="c-article__author"
              >
                Article by Author Name
              </h3>,
              <time
                className="c-article__published"
              >
                Published: Published at Date
              </time>,
              <figure>
                <img
                  alt="An animated rock"
                  className="c-article__image"
                  src="../static/images/rock.png"
                />
              </figure>,
              <div
                className="c-article__text"
              >
                <p>
                  Body Text
                </p>
              </div>,
            ],
            "className": "c-article",
          },
          "ref": null,
          "rendered": Array [
            Object {
              "instance": null,
              "key": undefined,
              "nodeType": "host",
              "props": Object {
                "children": "Article Title",
                "className": "c-article__header",
              },
              "ref": null,
              "rendered": "Article Title",
              "type": "h2",
            },
            Object {
              "instance": null,
              "key": undefined,
              "nodeType": "host",
              "props": Object {
                "className": "c-header-divider",
              },
              "ref": null,
              "rendered": null,
              "type": "div",
            },
            Object {
              "instance": null,
              "key": undefined,
              "nodeType": "host",
              "props": Object {
                "children": "Article by Author Name",
                "className": "c-article__author",
              },
              "ref": null,
              "rendered": "Article by Author Name",
              "type": "h3",
            },
            Object {
              "instance": null,
              "key": undefined,
              "nodeType": "host",
              "props": Object {
                "children": "Published: Published at Date",
                "className": "c-article__published",
              },
              "ref": null,
              "rendered": "Published: Published at Date",
              "type": "time",
            },
            Object {
              "instance": null,
              "key": undefined,
              "nodeType": "host",
              "props": Object {
                "children": <img
                  alt="An animated rock"
                  className="c-article__image"
                  src="../static/images/rock.png"
                />,
              },
              "ref": null,
              "rendered": Object {
                "instance": null,
                "key": undefined,
                "nodeType": "host",
                "props": Object {
                  "alt": "An animated rock",
                  "className": "c-article__image",
                  "src": "../static/images/rock.png",
                },
                "ref": null,
                "rendered": null,
                "type": "img",
              },
              "type": "figure",
            },
            Object {
              "instance": null,
              "key": undefined,
              "nodeType": "host",
              "props": Object {
                "children": <p>
                  Body Text
                </p>,
                "className": "c-article__text",
              },
              "ref": null,
              "rendered": Object {
                "instance": null,
                "key": undefined,
                "nodeType": "host",
                "props": Object {
                  "children": "Body Text",
                },
                "ref": null,
                "rendered": "Body Text",
                "type": "p",
              },
              "type": "div",
            },
          ],
          "type": "div",
        },
        Object {
          "instance": null,
          "key": undefined,
          "nodeType": "class",
          "props": Object {},
          "ref": null,
          "rendered": null,
          "type": [Function],
        },
        Object {
          "instance": null,
          "key": undefined,
          "nodeType": "host",
          "props": Object {
            "children": "Back to Article List",
            "className": "c-user-comments__back-btn",
          },
          "ref": null,
          "rendered": "Back to Article List",
          "type": "a",
        },
      ],
      "type": "article",
    },
    "type": [Function],
  },
  Symbol(enzyme.__nodes__): Array [
    Object {
      "instance": null,
      "key": undefined,
      "nodeType": "class",
      "props": Object {
        "children": <article
          className="o-main-container"
        >
          <div
            className="c-article"
          >
            <h2
              className="c-article__header"
            >
              Article Title
            </h2>
            <div
              className="c-header-divider"
            />
            <h3
              className="c-article__author"
            >
              Article by Author Name
            </h3>
            <time
              className="c-article__published"
            >
              Published: Published at Date
            </time>
            <figure>
              <img
                alt="An animated rock"
                className="c-article__image"
                src="../static/images/rock.png"
              />
            </figure>
            <div
              className="c-article__text"
            >
              <p>
                Body Text
              </p>
            </div>
          </div>
          <UserComments />
          <a
            className="c-user-comments__back-btn"
          >
            Back to Article List
          </a>
        </article>,
      },
      "ref": null,
      "rendered": Object {
        "instance": null,
        "key": undefined,
        "nodeType": "host",
        "props": Object {
          "children": Array [
            <div
              className="c-article"
            >
              <h2
                className="c-article__header"
              >
                Article Title
              </h2>
              <div
                className="c-header-divider"
              />
              <h3
                className="c-article__author"
              >
                Article by Author Name
              </h3>
              <time
                className="c-article__published"
              >
                Published: Published at Date
              </time>
              <figure>
                <img
                  alt="An animated rock"
                  className="c-article__image"
                  src="../static/images/rock.png"
                />
              </figure>
              <div
                className="c-article__text"
              >
                <p>
                  Body Text
                </p>
              </div>
            </div>,
            <UserComments />,
            <a
              className="c-user-comments__back-btn"
            >
              Back to Article List
            </a>,
          ],
          "className": "o-main-container",
        },
        "ref": null,
        "rendered": Array [
          Object {
            "instance": null,
            "key": undefined,
            "nodeType": "host",
            "props": Object {
              "children": Array [
                <h2
                  className="c-article__header"
                >
                  Article Title
                </h2>,
                <div
                  className="c-header-divider"
                />,
                <h3
                  className="c-article__author"
                >
                  Article by Author Name
                </h3>,
                <time
                  className="c-article__published"
                >
                  Published: Published at Date
                </time>,
                <figure>
                  <img
                    alt="An animated rock"
                    className="c-article__image"
                    src="../static/images/rock.png"
                  />
                </figure>,
                <div
                  className="c-article__text"
                >
                  <p>
                    Body Text
                  </p>
                </div>,
              ],
              "className": "c-article",
            },
            "ref": null,
            "rendered": Array [
              Object {
                "instance": null,
                "key": undefined,
                "nodeType": "host",
                "props": Object {
                  "children": "Article Title",
                  "className": "c-article__header",
                },
                "ref": null,
                "rendered": "Article Title",
                "type": "h2",
              },
              Object {
                "instance": null,
                "key": undefined,
                "nodeType": "host",
                "props": Object {
                  "className": "c-header-divider",
                },
                "ref": null,
                "rendered": null,
                "type": "div",
              },
              Object {
                "instance": null,
                "key": undefined,
                "nodeType": "host",
                "props": Object {
                  "children": "Article by Author Name",
                  "className": "c-article__author",
                },
                "ref": null,
                "rendered": "Article by Author Name",
                "type": "h3",
              },
              Object {
                "instance": null,
                "key": undefined,
                "nodeType": "host",
                "props": Object {
                  "children": "Published: Published at Date",
                  "className": "c-article__published",
                },
                "ref": null,
                "rendered": "Published: Published at Date",
                "type": "time",
              },
              Object {
                "instance": null,
                "key": undefined,
                "nodeType": "host",
                "props": Object {
                  "children": <img
                    alt="An animated rock"
                    className="c-article__image"
                    src="../static/images/rock.png"
                  />,
                },
                "ref": null,
                "rendered": Object {
                  "instance": null,
                  "key": undefined,
                  "nodeType": "host",
                  "props": Object {
                    "alt": "An animated rock",
                    "className": "c-article__image",
                    "src": "../static/images/rock.png",
                  },
                  "ref": null,
                  "rendered": null,
                  "type": "img",
                },
                "type": "figure",
              },
              Object {
                "instance": null,
                "key": undefined,
                "nodeType": "host",
                "props": Object {
                  "children": <p>
                    Body Text
                  </p>,
                  "className": "c-article__text",
                },
                "ref": null,
                "rendered": Object {
                  "instance": null,
                  "key": undefined,
                  "nodeType": "host",
                  "props": Object {
                    "children": "Body Text",
                  },
                  "ref": null,
                  "rendered": "Body Text",
                  "type": "p",
                },
                "type": "div",
              },
            ],
            "type": "div",
          },
          Object {
            "instance": null,
            "key": undefined,
            "nodeType": "class",
            "props": Object {},
            "ref": null,
            "rendered": null,
            "type": [Function],
          },
          Object {
            "instance": null,
            "key": undefined,
            "nodeType": "host",
            "props": Object {
              "children": "Back to Article List",
              "className": "c-user-comments__back-btn",
            },
            "ref": null,
            "rendered": "Back to Article List",
            "type": "a",
          },
        ],
        "type": "article",
      },
      "type": [Function],
    },
  ],
  Symbol(enzyme.__options__): Object {
    "adapter": ReactSixteenAdapter {
      "options": Object {
        "enableComponentDidUpdateOnSetState": true,
        "lifecycles": Object {
          "componentDidUpdate": Object {
            "onSetState": true,
          },
          "getDerivedStateFromProps": true,
          "getSnapshotBeforeUpdate": true,
          "setState": Object {
            "skipsComponentDidUpdateOnNullish": true,
          },
        },
      },
    },
  },
}
`;
