// Jest Snapshot v1, https://goo.gl/fbAQLP

exports[`<ArticleComment /> it renders correctly 1`] = `
ShallowWrapper {
  Symbol(enzyme.__root__): [Circular],
  Symbol(enzyme.__unrendered__): <ArticleComment />,
  Symbol(enzyme.__renderer__): Object {
    "batchedUpdates": [Function],
    "getNode": [Function],
    "render": [Function],
    "simulateError": [Function],
    "simulateEvent": [Function],
    "unmount": [Function],
  },
  Symbol(enzyme.__node__): Object {
    "instance": null,
    "key": undefined,
    "nodeType": "host",
    "props": Object {
      "children": Array [
        <h3
          className="c-user-comments__login-message"
        >
          Please login to comment.
        </h3>,
        <a
          className="c-user-comments__login-btn"
          onClick={[Function]}
        >
          Login
        </a>,
      ],
      "className": "c-user-comments__info",
    },
    "ref": null,
    "rendered": Array [
      Object {
        "instance": null,
        "key": undefined,
        "nodeType": "host",
        "props": Object {
          "children": "Please login to comment.",
          "className": "c-user-comments__login-message",
        },
        "ref": null,
        "rendered": "Please login to comment.",
        "type": "h3",
      },
      Object {
        "instance": null,
        "key": undefined,
        "nodeType": "host",
        "props": Object {
          "children": "Login",
          "className": "c-user-comments__login-btn",
          "onClick": [Function],
        },
        "ref": null,
        "rendered": "Login",
        "type": "a",
      },
    ],
    "type": "div",
  },
  Symbol(enzyme.__nodes__): Array [
    Object {
      "instance": null,
      "key": undefined,
      "nodeType": "host",
      "props": Object {
        "children": Array [
          <h3
            className="c-user-comments__login-message"
          >
            Please login to comment.
          </h3>,
          <a
            className="c-user-comments__login-btn"
            onClick={[Function]}
          >
            Login
          </a>,
        ],
        "className": "c-user-comments__info",
      },
      "ref": null,
      "rendered": Array [
        Object {
          "instance": null,
          "key": undefined,
          "nodeType": "host",
          "props": Object {
            "children": "Please login to comment.",
            "className": "c-user-comments__login-message",
          },
          "ref": null,
          "rendered": "Please login to comment.",
          "type": "h3",
        },
        Object {
          "instance": null,
          "key": undefined,
          "nodeType": "host",
          "props": Object {
            "children": "Login",
            "className": "c-user-comments__login-btn",
            "onClick": [Function],
          },
          "ref": null,
          "rendered": "Login",
          "type": "a",
        },
      ],
      "type": "div",
    },
  ],
  Symbol(enzyme.__options__): Object {
    "adapter": ReactSixteenAdapter {
      "options": Object {
        "enableComponentDidUpdateOnSetState": true,
        "lifecycles": Object {
          "componentDidUpdate": Object {
            "onSetState": true,
          },
          "getDerivedStateFromProps": true,
          "getSnapshotBeforeUpdate": true,
          "setState": Object {
            "skipsComponentDidUpdateOnNullish": true,
          },
        },
      },
    },
  },
}
`;
