// Jest Snapshot v1, https://goo.gl/fbAQLP

exports[`<Layout /> it renders correctly 1`] = `
ShallowWrapper {
  Symbol(enzyme.__root__): [Circular],
  Symbol(enzyme.__unrendered__): <Layout />,
  Symbol(enzyme.__renderer__): Object {
    "batchedUpdates": [Function],
    "getNode": [Function],
    "render": [Function],
    "simulateError": [Function],
    "simulateEvent": [Function],
    "unmount": [Function],
  },
  Symbol(enzyme.__node__): Object {
    "instance": null,
    "key": undefined,
    "nodeType": "host",
    "props": Object {
      "children": Array [
        <SideEffect(Head)>
          <title>
            Paul Brighton's Web Development Blog
          </title>
          <meta
            content="A blog by Paul Brighton all about web development. It includes articles about HTML, CSS, JavaScript and Ruby on Rails plus other tips on web design and developing."
            name="description"
          />
          <meta
            content="width=device-width, initial-scale=1"
            name="viewport"
          />
          <link
            href="/static/images/favicon.ico"
            rel="shortcut icon"
            type="image/x-icon"
          />
        </SideEffect(Head)>,
        <Header />,
        undefined,
        <Footer />,
      ],
      "className": "container",
    },
    "ref": null,
    "rendered": Array [
      Object {
        "instance": null,
        "key": undefined,
        "nodeType": "class",
        "props": Object {
          "children": Array [
            <title>
              Paul Brighton's Web Development Blog
            </title>,
            <meta
              content="A blog by Paul Brighton all about web development. It includes articles about HTML, CSS, JavaScript and Ruby on Rails plus other tips on web design and developing."
              name="description"
            />,
            <meta
              content="width=device-width, initial-scale=1"
              name="viewport"
            />,
            <link
              href="/static/images/favicon.ico"
              rel="shortcut icon"
              type="image/x-icon"
            />,
          ],
        },
        "ref": null,
        "rendered": Array [
          Object {
            "instance": null,
            "key": undefined,
            "nodeType": "host",
            "props": Object {
              "children": "Paul Brighton's Web Development Blog",
            },
            "ref": null,
            "rendered": "Paul Brighton's Web Development Blog",
            "type": "title",
          },
          Object {
            "instance": null,
            "key": undefined,
            "nodeType": "host",
            "props": Object {
              "content": "A blog by Paul Brighton all about web development. It includes articles about HTML, CSS, JavaScript and Ruby on Rails plus other tips on web design and developing.",
              "name": "description",
            },
            "ref": null,
            "rendered": null,
            "type": "meta",
          },
          Object {
            "instance": null,
            "key": undefined,
            "nodeType": "host",
            "props": Object {
              "content": "width=device-width, initial-scale=1",
              "name": "viewport",
            },
            "ref": null,
            "rendered": null,
            "type": "meta",
          },
          Object {
            "instance": null,
            "key": undefined,
            "nodeType": "host",
            "props": Object {
              "href": "/static/images/favicon.ico",
              "rel": "shortcut icon",
              "type": "image/x-icon",
            },
            "ref": null,
            "rendered": null,
            "type": "link",
          },
        ],
        "type": [Function],
      },
      Object {
        "instance": null,
        "key": undefined,
        "nodeType": "class",
        "props": Object {},
        "ref": null,
        "rendered": null,
        "type": [Function],
      },
      undefined,
      Object {
        "instance": null,
        "key": undefined,
        "nodeType": "class",
        "props": Object {},
        "ref": null,
        "rendered": null,
        "type": [Function],
      },
    ],
    "type": "div",
  },
  Symbol(enzyme.__nodes__): Array [
    Object {
      "instance": null,
      "key": undefined,
      "nodeType": "host",
      "props": Object {
        "children": Array [
          <SideEffect(Head)>
            <title>
              Paul Brighton's Web Development Blog
            </title>
            <meta
              content="A blog by Paul Brighton all about web development. It includes articles about HTML, CSS, JavaScript and Ruby on Rails plus other tips on web design and developing."
              name="description"
            />
            <meta
              content="width=device-width, initial-scale=1"
              name="viewport"
            />
            <link
              href="/static/images/favicon.ico"
              rel="shortcut icon"
              type="image/x-icon"
            />
          </SideEffect(Head)>,
          <Header />,
          undefined,
          <Footer />,
        ],
        "className": "container",
      },
      "ref": null,
      "rendered": Array [
        Object {
          "instance": null,
          "key": undefined,
          "nodeType": "class",
          "props": Object {
            "children": Array [
              <title>
                Paul Brighton's Web Development Blog
              </title>,
              <meta
                content="A blog by Paul Brighton all about web development. It includes articles about HTML, CSS, JavaScript and Ruby on Rails plus other tips on web design and developing."
                name="description"
              />,
              <meta
                content="width=device-width, initial-scale=1"
                name="viewport"
              />,
              <link
                href="/static/images/favicon.ico"
                rel="shortcut icon"
                type="image/x-icon"
              />,
            ],
          },
          "ref": null,
          "rendered": Array [
            Object {
              "instance": null,
              "key": undefined,
              "nodeType": "host",
              "props": Object {
                "children": "Paul Brighton's Web Development Blog",
              },
              "ref": null,
              "rendered": "Paul Brighton's Web Development Blog",
              "type": "title",
            },
            Object {
              "instance": null,
              "key": undefined,
              "nodeType": "host",
              "props": Object {
                "content": "A blog by Paul Brighton all about web development. It includes articles about HTML, CSS, JavaScript and Ruby on Rails plus other tips on web design and developing.",
                "name": "description",
              },
              "ref": null,
              "rendered": null,
              "type": "meta",
            },
            Object {
              "instance": null,
              "key": undefined,
              "nodeType": "host",
              "props": Object {
                "content": "width=device-width, initial-scale=1",
                "name": "viewport",
              },
              "ref": null,
              "rendered": null,
              "type": "meta",
            },
            Object {
              "instance": null,
              "key": undefined,
              "nodeType": "host",
              "props": Object {
                "href": "/static/images/favicon.ico",
                "rel": "shortcut icon",
                "type": "image/x-icon",
              },
              "ref": null,
              "rendered": null,
              "type": "link",
            },
          ],
          "type": [Function],
        },
        Object {
          "instance": null,
          "key": undefined,
          "nodeType": "class",
          "props": Object {},
          "ref": null,
          "rendered": null,
          "type": [Function],
        },
        undefined,
        Object {
          "instance": null,
          "key": undefined,
          "nodeType": "class",
          "props": Object {},
          "ref": null,
          "rendered": null,
          "type": [Function],
        },
      ],
      "type": "div",
    },
  ],
  Symbol(enzyme.__options__): Object {
    "adapter": ReactSixteenAdapter {
      "options": Object {
        "enableComponentDidUpdateOnSetState": true,
        "lifecycles": Object {
          "componentDidUpdate": Object {
            "onSetState": true,
          },
          "getDerivedStateFromProps": true,
          "getSnapshotBeforeUpdate": true,
          "setState": Object {
            "skipsComponentDidUpdateOnNullish": true,
          },
        },
      },
    },
  },
}
`;
